// Jest Snapshot v1, https://goo.gl/fbAQLP

exports[`<DayBox /> should match snapshot 1`] = `
ShallowWrapper {
  Symbol(enzyme.__root__): [Circular],
  Symbol(enzyme.__unrendered__): <Unknown
    dateMoment={"2014-02-27T00:00:00.000Z"}
    tasks={
        Array [
            Task {
              "date": "2014-02-27",
              "endHour": 1,
              "id": 1,
              "name": "귤 까기01",
              "startHour": 0,
            },
            Task {
              "date": "2014-02-27",
              "endHour": 4,
              "id": 1,
              "name": "귤 까기09",
              "startHour": 2,
            },
            Task {
              "date": "2014-02-27",
              "endHour": 8,
              "id": 1,
              "name": "귤 까기10",
              "startHour": 5,
            },
            Task {
              "date": "2014-02-27",
              "endHour": 12,
              "id": 1,
              "name": "귤 까기12",
              "startHour": 9,
            },
            Task {
              "date": "2014-02-27",
              "endHour": 15,
              "id": 1,
              "name": "귤 까기24",
              "startHour": 13,
            },
          ]
    }
/>,
  Symbol(enzyme.__renderer__): Object {
    "batchedUpdates": [Function],
    "checkPropTypes": [Function],
    "getNode": [Function],
    "render": [Function],
    "simulateError": [Function],
    "simulateEvent": [Function],
    "unmount": [Function],
  },
  Symbol(enzyme.__node__): Object {
    "instance": null,
    "key": undefined,
    "nodeType": "function",
    "props": Object {
      "children": Array [
        <Unknown
          active={undefined}
>
          27
</Unknown>,
        <div>
          <Unknown
                    task={
                              Task {
                                        "date": "2014-02-27",
                                        "endHour": 1,
                                        "id": 1,
                                        "name": "귤 까기01",
                                        "startHour": 0,
                                      }
                    }
          />
          <Unknown
                    task={
                              Task {
                                        "date": "2014-02-27",
                                        "endHour": 4,
                                        "id": 1,
                                        "name": "귤 까기09",
                                        "startHour": 2,
                                      }
                    }
          />
          <Unknown
                    task={
                              Task {
                                        "date": "2014-02-27",
                                        "endHour": 8,
                                        "id": 1,
                                        "name": "귤 까기10",
                                        "startHour": 5,
                                      }
                    }
          />
          <Unknown
                    task={
                              Task {
                                        "date": "2014-02-27",
                                        "endHour": 12,
                                        "id": 1,
                                        "name": "귤 까기12",
                                        "startHour": 9,
                                      }
                    }
          />
          <Unknown
                    task={
                              Task {
                                        "date": "2014-02-27",
                                        "endHour": 15,
                                        "id": 1,
                                        "name": "귤 까기24",
                                        "startHour": 13,
                                      }
                    }
          />
</div>,
      ],
      "data-datetime": "2014-02-27T00:00:00Z",
    },
    "ref": null,
    "rendered": Array [
      Object {
        "instance": null,
        "key": undefined,
        "nodeType": "function",
        "props": Object {
          "active": undefined,
          "children": 27,
        },
        "ref": null,
        "rendered": 27,
        "type": Object {
          "$$typeof": Symbol(react.forward_ref),
          "attrs": Array [],
          "componentStyle": ComponentStyle {
            "componentId": "sc-htpNat",
            "isStatic": false,
            "rules": Array [
              "
    display: inline-block;
    ",
              [Function],
              "
",
            ],
          },
          "displayName": "styled.span",
          "foldedComponentIds": Array [],
          "render": [Function],
          "styledComponentId": "sc-htpNat",
          "target": "span",
          "toString": [Function],
          "warnTooManyClasses": [Function],
          "withComponent": [Function],
        },
      },
      Object {
        "instance": null,
        "key": undefined,
        "nodeType": "host",
        "props": Object {
          "children": Array [
            <Unknown
              task={
                            Task {
                                          "date": "2014-02-27",
                                          "endHour": 1,
                                          "id": 1,
                                          "name": "귤 까기01",
                                          "startHour": 0,
                                        }
              }
/>,
            <Unknown
              task={
                            Task {
                                          "date": "2014-02-27",
                                          "endHour": 4,
                                          "id": 1,
                                          "name": "귤 까기09",
                                          "startHour": 2,
                                        }
              }
/>,
            <Unknown
              task={
                            Task {
                                          "date": "2014-02-27",
                                          "endHour": 8,
                                          "id": 1,
                                          "name": "귤 까기10",
                                          "startHour": 5,
                                        }
              }
/>,
            <Unknown
              task={
                            Task {
                                          "date": "2014-02-27",
                                          "endHour": 12,
                                          "id": 1,
                                          "name": "귤 까기12",
                                          "startHour": 9,
                                        }
              }
/>,
            <Unknown
              task={
                            Task {
                                          "date": "2014-02-27",
                                          "endHour": 15,
                                          "id": 1,
                                          "name": "귤 까기24",
                                          "startHour": 13,
                                        }
              }
/>,
          ],
        },
        "ref": null,
        "rendered": Array [
          Object {
            "instance": null,
            "key": "1",
            "nodeType": "function",
            "props": Object {
              "task": Task {
                "date": "2014-02-27",
                "endHour": 1,
                "id": 1,
                "name": "귤 까기01",
                "startHour": 0,
              },
            },
            "ref": null,
            "rendered": null,
            "type": [Function],
          },
          Object {
            "instance": null,
            "key": "1",
            "nodeType": "function",
            "props": Object {
              "task": Task {
                "date": "2014-02-27",
                "endHour": 4,
                "id": 1,
                "name": "귤 까기09",
                "startHour": 2,
              },
            },
            "ref": null,
            "rendered": null,
            "type": [Function],
          },
          Object {
            "instance": null,
            "key": "1",
            "nodeType": "function",
            "props": Object {
              "task": Task {
                "date": "2014-02-27",
                "endHour": 8,
                "id": 1,
                "name": "귤 까기10",
                "startHour": 5,
              },
            },
            "ref": null,
            "rendered": null,
            "type": [Function],
          },
          Object {
            "instance": null,
            "key": "1",
            "nodeType": "function",
            "props": Object {
              "task": Task {
                "date": "2014-02-27",
                "endHour": 12,
                "id": 1,
                "name": "귤 까기12",
                "startHour": 9,
              },
            },
            "ref": null,
            "rendered": null,
            "type": [Function],
          },
          Object {
            "instance": null,
            "key": "1",
            "nodeType": "function",
            "props": Object {
              "task": Task {
                "date": "2014-02-27",
                "endHour": 15,
                "id": 1,
                "name": "귤 까기24",
                "startHour": 13,
              },
            },
            "ref": null,
            "rendered": null,
            "type": [Function],
          },
        ],
        "type": "div",
      },
    ],
    "type": Object {
      "$$typeof": Symbol(react.forward_ref),
      "attrs": Array [],
      "componentStyle": ComponentStyle {
        "componentId": "sc-bwzfXH",
        "isStatic": true,
        "rules": Array [
          "
    text-align: left;
    padding: 10px;
    min-width: 0px;
",
        ],
      },
      "displayName": "Day",
      "foldedComponentIds": Array [],
      "render": [Function],
      "styledComponentId": "sc-bwzfXH",
      "target": "div",
      "toString": [Function],
      "warnTooManyClasses": [Function],
      "withComponent": [Function],
    },
  },
  Symbol(enzyme.__nodes__): Array [
    Object {
      "instance": null,
      "key": undefined,
      "nodeType": "function",
      "props": Object {
        "children": Array [
          <Unknown
            active={undefined}
>
            27
</Unknown>,
          <div>
            <Unknown
                        task={
                                    Task {
                                                "date": "2014-02-27",
                                                "endHour": 1,
                                                "id": 1,
                                                "name": "귤 까기01",
                                                "startHour": 0,
                                              }
                        }
            />
            <Unknown
                        task={
                                    Task {
                                                "date": "2014-02-27",
                                                "endHour": 4,
                                                "id": 1,
                                                "name": "귤 까기09",
                                                "startHour": 2,
                                              }
                        }
            />
            <Unknown
                        task={
                                    Task {
                                                "date": "2014-02-27",
                                                "endHour": 8,
                                                "id": 1,
                                                "name": "귤 까기10",
                                                "startHour": 5,
                                              }
                        }
            />
            <Unknown
                        task={
                                    Task {
                                                "date": "2014-02-27",
                                                "endHour": 12,
                                                "id": 1,
                                                "name": "귤 까기12",
                                                "startHour": 9,
                                              }
                        }
            />
            <Unknown
                        task={
                                    Task {
                                                "date": "2014-02-27",
                                                "endHour": 15,
                                                "id": 1,
                                                "name": "귤 까기24",
                                                "startHour": 13,
                                              }
                        }
            />
</div>,
        ],
        "data-datetime": "2014-02-27T00:00:00Z",
      },
      "ref": null,
      "rendered": Array [
        Object {
          "instance": null,
          "key": undefined,
          "nodeType": "function",
          "props": Object {
            "active": undefined,
            "children": 27,
          },
          "ref": null,
          "rendered": 27,
          "type": Object {
            "$$typeof": Symbol(react.forward_ref),
            "attrs": Array [],
            "componentStyle": ComponentStyle {
              "componentId": "sc-htpNat",
              "isStatic": false,
              "rules": Array [
                "
    display: inline-block;
    ",
                [Function],
                "
",
              ],
            },
            "displayName": "styled.span",
            "foldedComponentIds": Array [],
            "render": [Function],
            "styledComponentId": "sc-htpNat",
            "target": "span",
            "toString": [Function],
            "warnTooManyClasses": [Function],
            "withComponent": [Function],
          },
        },
        Object {
          "instance": null,
          "key": undefined,
          "nodeType": "host",
          "props": Object {
            "children": Array [
              <Unknown
                task={
                                Task {
                                                "date": "2014-02-27",
                                                "endHour": 1,
                                                "id": 1,
                                                "name": "귤 까기01",
                                                "startHour": 0,
                                              }
                }
/>,
              <Unknown
                task={
                                Task {
                                                "date": "2014-02-27",
                                                "endHour": 4,
                                                "id": 1,
                                                "name": "귤 까기09",
                                                "startHour": 2,
                                              }
                }
/>,
              <Unknown
                task={
                                Task {
                                                "date": "2014-02-27",
                                                "endHour": 8,
                                                "id": 1,
                                                "name": "귤 까기10",
                                                "startHour": 5,
                                              }
                }
/>,
              <Unknown
                task={
                                Task {
                                                "date": "2014-02-27",
                                                "endHour": 12,
                                                "id": 1,
                                                "name": "귤 까기12",
                                                "startHour": 9,
                                              }
                }
/>,
              <Unknown
                task={
                                Task {
                                                "date": "2014-02-27",
                                                "endHour": 15,
                                                "id": 1,
                                                "name": "귤 까기24",
                                                "startHour": 13,
                                              }
                }
/>,
            ],
          },
          "ref": null,
          "rendered": Array [
            Object {
              "instance": null,
              "key": "1",
              "nodeType": "function",
              "props": Object {
                "task": Task {
                  "date": "2014-02-27",
                  "endHour": 1,
                  "id": 1,
                  "name": "귤 까기01",
                  "startHour": 0,
                },
              },
              "ref": null,
              "rendered": null,
              "type": [Function],
            },
            Object {
              "instance": null,
              "key": "1",
              "nodeType": "function",
              "props": Object {
                "task": Task {
                  "date": "2014-02-27",
                  "endHour": 4,
                  "id": 1,
                  "name": "귤 까기09",
                  "startHour": 2,
                },
              },
              "ref": null,
              "rendered": null,
              "type": [Function],
            },
            Object {
              "instance": null,
              "key": "1",
              "nodeType": "function",
              "props": Object {
                "task": Task {
                  "date": "2014-02-27",
                  "endHour": 8,
                  "id": 1,
                  "name": "귤 까기10",
                  "startHour": 5,
                },
              },
              "ref": null,
              "rendered": null,
              "type": [Function],
            },
            Object {
              "instance": null,
              "key": "1",
              "nodeType": "function",
              "props": Object {
                "task": Task {
                  "date": "2014-02-27",
                  "endHour": 12,
                  "id": 1,
                  "name": "귤 까기12",
                  "startHour": 9,
                },
              },
              "ref": null,
              "rendered": null,
              "type": [Function],
            },
            Object {
              "instance": null,
              "key": "1",
              "nodeType": "function",
              "props": Object {
                "task": Task {
                  "date": "2014-02-27",
                  "endHour": 15,
                  "id": 1,
                  "name": "귤 까기24",
                  "startHour": 13,
                },
              },
              "ref": null,
              "rendered": null,
              "type": [Function],
            },
          ],
          "type": "div",
        },
      ],
      "type": Object {
        "$$typeof": Symbol(react.forward_ref),
        "attrs": Array [],
        "componentStyle": ComponentStyle {
          "componentId": "sc-bwzfXH",
          "isStatic": true,
          "rules": Array [
            "
    text-align: left;
    padding: 10px;
    min-width: 0px;
",
          ],
        },
        "displayName": "Day",
        "foldedComponentIds": Array [],
        "render": [Function],
        "styledComponentId": "sc-bwzfXH",
        "target": "div",
        "toString": [Function],
        "warnTooManyClasses": [Function],
        "withComponent": [Function],
      },
    },
  ],
  Symbol(enzyme.__options__): Object {
    "adapter": ReactSixteenAdapter {
      "options": Object {
        "enableComponentDidUpdateOnSetState": true,
        "legacyContextMode": "parent",
        "lifecycles": Object {
          "componentDidUpdate": Object {
            "onSetState": true,
          },
          "getChildContext": Object {
            "calledByRenderer": false,
          },
          "getDerivedStateFromError": true,
          "getDerivedStateFromProps": Object {
            "hasShouldComponentUpdateBug": false,
          },
          "getSnapshotBeforeUpdate": true,
          "setState": Object {
            "skipsComponentDidUpdateOnNullish": true,
          },
        },
      },
    },
  },
}
`;
